package switchfix

import (
	"fmt"
)

func _caseclause_defaultexists() {
	var d Direction
	switch d { // want "missing cases in switch of type Direction: E, directionInvalid"
	case N:
	case S:
	case W:
		_ = 3
	case E, directionInvalid:
		panic(fmt.Sprintf("unhandled value: %v", d))
	default:
	}
}
